
> 5ech@0.0.0 build
> tsc -b && vite build

src/App.tsx(1,28): error TS2307: Cannot find module 'lenis/react' or its corresponding type declarations.
src/App.tsx(2,10): error TS6133: 'motion' is declared but its value is never read.
